<?xml version="1.0"?>
<link_info>
   <banner>TMS320C55x Linker PC v4.4.1</banner>
   <copyright>Copyright (c) 1996-2012 Texas Instruments Incorporated</copyright>
   <link_time>0x5d8ae110</link_time>
   <output_file>fileIO.out</output_file>
   <entry_point>
      <name>_c_int00</name>
      <address>0x34529</address>
   </entry_point>
   <input_file_list>
      <input_file id="fl-2">
         <path>.\</path>
         <kind>object</kind>
         <file>main.obj</file>
         <name>main.obj</name>
      </input_file>
      <input_file id="fl-19">
         <path>C:\ti\ccsv7\tools\compiler\c5500_4.4.1\lib\</path>
         <kind>archive</kind>
         <file>rts55x.lib</file>
         <name>atoi.obj</name>
      </input_file>
      <input_file id="fl-1a">
         <path>C:\ti\ccsv7\tools\compiler\c5500_4.4.1\lib\</path>
         <kind>archive</kind>
         <file>rts55x.lib</file>
         <name>boot.obj</name>
      </input_file>
      <input_file id="fl-1b">
         <path>C:\ti\ccsv7\tools\compiler\c5500_4.4.1\lib\</path>
         <kind>archive</kind>
         <file>rts55x.lib</file>
         <name>ctype.obj</name>
      </input_file>
      <input_file id="fl-1c">
         <path>C:\ti\ccsv7\tools\compiler\c5500_4.4.1\lib\</path>
         <kind>archive</kind>
         <file>rts55x.lib</file>
         <name>exit.obj</name>
      </input_file>
      <input_file id="fl-1d">
         <path>C:\ti\ccsv7\tools\compiler\c5500_4.4.1\lib\</path>
         <kind>archive</kind>
         <file>rts55x.lib</file>
         <name>fclose.obj</name>
      </input_file>
      <input_file id="fl-1e">
         <path>C:\ti\ccsv7\tools\compiler\c5500_4.4.1\lib\</path>
         <kind>archive</kind>
         <file>rts55x.lib</file>
         <name>fflush.obj</name>
      </input_file>
      <input_file id="fl-1f">
         <path>C:\ti\ccsv7\tools\compiler\c5500_4.4.1\lib\</path>
         <kind>archive</kind>
         <file>rts55x.lib</file>
         <name>fopen.obj</name>
      </input_file>
      <input_file id="fl-20">
         <path>C:\ti\ccsv7\tools\compiler\c5500_4.4.1\lib\</path>
         <kind>archive</kind>
         <file>rts55x.lib</file>
         <name>fprintf.obj</name>
      </input_file>
      <input_file id="fl-21">
         <path>C:\ti\ccsv7\tools\compiler\c5500_4.4.1\lib\</path>
         <kind>archive</kind>
         <file>rts55x.lib</file>
         <name>fputc.obj</name>
      </input_file>
      <input_file id="fl-22">
         <path>C:\ti\ccsv7\tools\compiler\c5500_4.4.1\lib\</path>
         <kind>archive</kind>
         <file>rts55x.lib</file>
         <name>fputs.obj</name>
      </input_file>
      <input_file id="fl-23">
         <path>C:\ti\ccsv7\tools\compiler\c5500_4.4.1\lib\</path>
         <kind>archive</kind>
         <file>rts55x.lib</file>
         <name>fread.obj</name>
      </input_file>
      <input_file id="fl-24">
         <path>C:\ti\ccsv7\tools\compiler\c5500_4.4.1\lib\</path>
         <kind>archive</kind>
         <file>rts55x.lib</file>
         <name>fseek.obj</name>
      </input_file>
      <input_file id="fl-25">
         <path>C:\ti\ccsv7\tools\compiler\c5500_4.4.1\lib\</path>
         <kind>archive</kind>
         <file>rts55x.lib</file>
         <name>fwrite.obj</name>
      </input_file>
      <input_file id="fl-26">
         <path>C:\ti\ccsv7\tools\compiler\c5500_4.4.1\lib\</path>
         <kind>archive</kind>
         <file>rts55x.lib</file>
         <name>lowlev.obj</name>
      </input_file>
      <input_file id="fl-27">
         <path>C:\ti\ccsv7\tools\compiler\c5500_4.4.1\lib\</path>
         <kind>archive</kind>
         <file>rts55x.lib</file>
         <name>memcpy.obj</name>
      </input_file>
      <input_file id="fl-28">
         <path>C:\ti\ccsv7\tools\compiler\c5500_4.4.1\lib\</path>
         <kind>archive</kind>
         <file>rts55x.lib</file>
         <name>memory.obj</name>
      </input_file>
      <input_file id="fl-29">
         <path>C:\ti\ccsv7\tools\compiler\c5500_4.4.1\lib\</path>
         <kind>archive</kind>
         <file>rts55x.lib</file>
         <name>printf.obj</name>
      </input_file>
      <input_file id="fl-2a">
         <path>C:\ti\ccsv7\tools\compiler\c5500_4.4.1\lib\</path>
         <kind>archive</kind>
         <file>rts55x.lib</file>
         <name>remove.obj</name>
      </input_file>
      <input_file id="fl-2b">
         <path>C:\ti\ccsv7\tools\compiler\c5500_4.4.1\lib\</path>
         <kind>archive</kind>
         <file>rts55x.lib</file>
         <name>rewind.obj</name>
      </input_file>
      <input_file id="fl-2c">
         <path>C:\ti\ccsv7\tools\compiler\c5500_4.4.1\lib\</path>
         <kind>archive</kind>
         <file>rts55x.lib</file>
         <name>trgdrv.obj</name>
      </input_file>
      <input_file id="fl-2d">
         <path>C:\ti\ccsv7\tools\compiler\c5500_4.4.1\lib\</path>
         <kind>archive</kind>
         <file>rts55x.lib</file>
         <name>trgmsg.obj</name>
      </input_file>
      <input_file id="fl-2e">
         <path>C:\ti\ccsv7\tools\compiler\c5500_4.4.1\lib\</path>
         <kind>archive</kind>
         <file>rts55x.lib</file>
         <name>udiv.obj</name>
      </input_file>
      <input_file id="fl-2f">
         <path>C:\ti\ccsv7\tools\compiler\c5500_4.4.1\lib\</path>
         <kind>archive</kind>
         <file>rts55x.lib</file>
         <name>vectors.obj</name>
      </input_file>
      <input_file id="fl-30">
         <path>C:\ti\ccsv7\tools\compiler\c5500_4.4.1\lib\</path>
         <kind>archive</kind>
         <file>rts55x.lib</file>
         <name>_bufread.obj</name>
      </input_file>
      <input_file id="fl-31">
         <path>C:\ti\ccsv7\tools\compiler\c5500_4.4.1\lib\</path>
         <kind>archive</kind>
         <file>rts55x.lib</file>
         <name>_io_perm.obj</name>
      </input_file>
      <input_file id="fl-32">
         <path>C:\ti\ccsv7\tools\compiler\c5500_4.4.1\lib\</path>
         <kind>archive</kind>
         <file>rts55x.lib</file>
         <name>_lock.obj</name>
      </input_file>
      <input_file id="fl-33">
         <path>C:\ti\ccsv7\tools\compiler\c5500_4.4.1\lib\</path>
         <kind>archive</kind>
         <file>rts55x.lib</file>
         <name>_printfi.obj</name>
      </input_file>
      <input_file id="fl-34">
         <path>C:\ti\ccsv7\tools\compiler\c5500_4.4.1\lib\</path>
         <kind>archive</kind>
         <file>rts55x.lib</file>
         <name>args_main.obj</name>
      </input_file>
      <input_file id="fl-35">
         <path>C:\ti\ccsv7\tools\compiler\c5500_4.4.1\lib\</path>
         <kind>archive</kind>
         <file>rts55x.lib</file>
         <name>autoinit.obj</name>
      </input_file>
      <input_file id="fl-36">
         <path>C:\ti\ccsv7\tools\compiler\c5500_4.4.1\lib\</path>
         <kind>archive</kind>
         <file>rts55x.lib</file>
         <name>cmpd.obj</name>
      </input_file>
      <input_file id="fl-37">
         <path>C:\ti\ccsv7\tools\compiler\c5500_4.4.1\lib\</path>
         <kind>archive</kind>
         <file>rts55x.lib</file>
         <name>defs.obj</name>
      </input_file>
      <input_file id="fl-38">
         <path>C:\ti\ccsv7\tools\compiler\c5500_4.4.1\lib\</path>
         <kind>archive</kind>
         <file>rts55x.lib</file>
         <name>divd.obj</name>
      </input_file>
      <input_file id="fl-39">
         <path>C:\ti\ccsv7\tools\compiler\c5500_4.4.1\lib\</path>
         <kind>archive</kind>
         <file>rts55x.lib</file>
         <name>divul.obj</name>
      </input_file>
      <input_file id="fl-3a">
         <path>C:\ti\ccsv7\tools\compiler\c5500_4.4.1\lib\</path>
         <kind>archive</kind>
         <file>rts55x.lib</file>
         <name>fixdi.obj</name>
      </input_file>
      <input_file id="fl-3b">
         <path>C:\ti\ccsv7\tools\compiler\c5500_4.4.1\lib\</path>
         <kind>archive</kind>
         <file>rts55x.lib</file>
         <name>fixdli.obj</name>
      </input_file>
      <input_file id="fl-3c">
         <path>C:\ti\ccsv7\tools\compiler\c5500_4.4.1\lib\</path>
         <kind>archive</kind>
         <file>rts55x.lib</file>
         <name>fltlid.obj</name>
      </input_file>
      <input_file id="fl-3d">
         <path>C:\ti\ccsv7\tools\compiler\c5500_4.4.1\lib\</path>
         <kind>archive</kind>
         <file>rts55x.lib</file>
         <name>frcmpyd_div.obj</name>
      </input_file>
      <input_file id="fl-3e">
         <path>C:\ti\ccsv7\tools\compiler\c5500_4.4.1\lib\</path>
         <kind>archive</kind>
         <file>rts55x.lib</file>
         <name>isinf.obj</name>
      </input_file>
      <input_file id="fl-3f">
         <path>C:\ti\ccsv7\tools\compiler\c5500_4.4.1\lib\</path>
         <kind>archive</kind>
         <file>rts55x.lib</file>
         <name>llmpy.obj</name>
      </input_file>
      <input_file id="fl-40">
         <path>C:\ti\ccsv7\tools\compiler\c5500_4.4.1\lib\</path>
         <kind>archive</kind>
         <file>rts55x.lib</file>
         <name>lmpy.obj</name>
      </input_file>
      <input_file id="fl-41">
         <path>C:\ti\ccsv7\tools\compiler\c5500_4.4.1\lib\</path>
         <kind>archive</kind>
         <file>rts55x.lib</file>
         <name>ltoa.obj</name>
      </input_file>
      <input_file id="fl-42">
         <path>C:\ti\ccsv7\tools\compiler\c5500_4.4.1\lib\</path>
         <kind>archive</kind>
         <file>rts55x.lib</file>
         <name>memccpy.obj</name>
      </input_file>
      <input_file id="fl-43">
         <path>C:\ti\ccsv7\tools\compiler\c5500_4.4.1\lib\</path>
         <kind>archive</kind>
         <file>rts55x.lib</file>
         <name>mpyd.obj</name>
      </input_file>
      <input_file id="fl-44">
         <path>C:\ti\ccsv7\tools\compiler\c5500_4.4.1\lib\</path>
         <kind>archive</kind>
         <file>rts55x.lib</file>
         <name>negd.obj</name>
      </input_file>
      <input_file id="fl-45">
         <path>C:\ti\ccsv7\tools\compiler\c5500_4.4.1\lib\</path>
         <kind>archive</kind>
         <file>rts55x.lib</file>
         <name>remli.obj</name>
      </input_file>
      <input_file id="fl-46">
         <path>C:\ti\ccsv7\tools\compiler\c5500_4.4.1\lib\</path>
         <kind>archive</kind>
         <file>rts55x.lib</file>
         <name>remul.obj</name>
      </input_file>
      <input_file id="fl-47">
         <path>C:\ti\ccsv7\tools\compiler\c5500_4.4.1\lib\</path>
         <kind>archive</kind>
         <file>rts55x.lib</file>
         <name>setvbuf.obj</name>
      </input_file>
      <input_file id="fl-48">
         <path>C:\ti\ccsv7\tools\compiler\c5500_4.4.1\lib\</path>
         <kind>archive</kind>
         <file>rts55x.lib</file>
         <name>subd.obj</name>
      </input_file>
      <input_file id="fl-49">
         <path>C:\ti\ccsv7\tools\compiler\c5500_4.4.1\lib\</path>
         <kind>archive</kind>
         <file>rts55x.lib</file>
         <name>addd.obj</name>
      </input_file>
      <input_file id="fl-4a">
         <path>C:\ti\ccsv7\tools\compiler\c5500_4.4.1\lib\</path>
         <kind>archive</kind>
         <file>rts55x.lib</file>
         <name>divli.obj</name>
      </input_file>
      <input_file id="fl-4b">
         <path>C:\ti\ccsv7\tools\compiler\c5500_4.4.1\lib\</path>
         <kind>archive</kind>
         <file>rts55x.lib</file>
         <name>frcmpyd.obj</name>
      </input_file>
   </input_file_list>
   <object_component_list>
      <object_component id="oc-10">
         <name>vectors</name>
         <load_address>0x6590</load_address>
         <run_address>0x6590</run_address>
         <size>0x100</size>
         <input_file_ref idref="fl-2f"/>
      </object_component>
      <object_component id="oc-12">
         <name>.bss</name>
         <uninitialized>true</uninitialized>
         <run_address>0x50c0</run_address>
         <size>0x858</size>
         <input_file_ref idref="fl-2"/>
      </object_component>
      <object_component id="oc-24">
         <name>.bss</name>
         <uninitialized>true</uninitialized>
         <run_address>0x5de4</run_address>
         <size>0x8</size>
         <input_file_ref idref="fl-1c"/>
      </object_component>
      <object_component id="oc-33">
         <name>.bss</name>
         <uninitialized>true</uninitialized>
         <run_address>0x5cea</run_address>
         <size>0x2</size>
         <input_file_ref idref="fl-1f"/>
      </object_component>
      <object_component id="oc-52">
         <name>.bss</name>
         <uninitialized>true</uninitialized>
         <run_address>0x5cec</run_address>
         <size>0xe2</size>
         <input_file_ref idref="fl-26"/>
      </object_component>
      <object_component id="oc-5c">
         <name>.bss</name>
         <uninitialized>true</uninitialized>
         <run_address>0x5dd0</run_address>
         <size>0xc</size>
         <input_file_ref idref="fl-28"/>
      </object_component>
      <object_component id="oc-6f">
         <name>.bss</name>
         <uninitialized>true</uninitialized>
         <run_address>0x5b4a</run_address>
         <size>0x1a0</size>
         <input_file_ref idref="fl-2c"/>
      </object_component>
      <object_component id="oc-8a">
         <name>.bss</name>
         <uninitialized>true</uninitialized>
         <run_address>0x5ddc</run_address>
         <size>0x8</size>
         <input_file_ref idref="fl-32"/>
      </object_component>
      <object_component id="oc-a1">
         <name>.bss</name>
         <uninitialized>true</uninitialized>
         <run_address>0x5918</run_address>
         <size>0x232</size>
         <input_file_ref idref="fl-37"/>
      </object_component>
      <object_component id="oc-1d">
         <name>.stack</name>
         <uninitialized>true</uninitialized>
         <run_address>0xc0</run_address>
         <size>0x0</size>
         <input_file_ref idref="fl-1a"/>
      </object_component>
      <object_component id="oc-10f">
         <name>.stack</name>
         <uninitialized>true</uninitialized>
         <run_address>0xc0</run_address>
         <size>0x0</size>
      </object_component>
      <object_component id="oc-f6">
         <name>.sysstack</name>
         <uninitialized>true</uninitialized>
         <run_address>0x40c0</run_address>
         <size>0x0</size>
         <input_file_ref idref="fl-1a"/>
      </object_component>
      <object_component id="oc-111">
         <name>.sysstack</name>
         <uninitialized>true</uninitialized>
         <run_address>0x40c0</run_address>
         <size>0x0</size>
      </object_component>
      <object_component id="oc-5f">
         <name>.sysmem</name>
         <uninitialized>true</uninitialized>
         <run_address>0x20c0</run_address>
         <size>0x0</size>
         <input_file_ref idref="fl-28"/>
      </object_component>
      <object_component id="oc-110">
         <name>.sysmem</name>
         <uninitialized>true</uninitialized>
         <run_address>0x20c0</run_address>
         <size>0x0</size>
      </object_component>
      <object_component id="oc-8f">
         <name>.text</name>
         <load_address>0x30000</load_address>
         <run_address>0x30000</run_address>
         <size>0x15a4</size>
         <input_file_ref idref="fl-33"/>
      </object_component>
      <object_component id="oc-51">
         <name>.text</name>
         <load_address>0x315a4</load_address>
         <run_address>0x315a4</run_address>
         <size>0x543</size>
         <input_file_ref idref="fl-26"/>
      </object_component>
      <object_component id="oc-6e">
         <name>.text</name>
         <load_address>0x31ae7</load_address>
         <run_address>0x31ae7</run_address>
         <size>0x528</size>
         <input_file_ref idref="fl-2c"/>
      </object_component>
      <object_component id="oc-5b">
         <name>.text</name>
         <load_address>0x3200f</load_address>
         <run_address>0x3200f</run_address>
         <size>0x4b5</size>
         <input_file_ref idref="fl-28"/>
      </object_component>
      <object_component id="oc-a5">
         <name>.text</name>
         <load_address>0x324c4</load_address>
         <run_address>0x324c4</run_address>
         <size>0x3cc</size>
         <input_file_ref idref="fl-38"/>
      </object_component>
      <object_component id="oc-32">
         <name>.text</name>
         <load_address>0x32890</load_address>
         <run_address>0x32890</run_address>
         <size>0x27f</size>
         <input_file_ref idref="fl-1f"/>
      </object_component>
      <object_component id="oc-c2">
         <name>.text</name>
         <load_address>0x32b0f</load_address>
         <run_address>0x32b0f</run_address>
         <size>0x25e</size>
         <input_file_ref idref="fl-3f"/>
      </object_component>
      <object_component id="oc-ea">
         <name>.text</name>
         <load_address>0x32d6d</load_address>
         <run_address>0x32d6d</run_address>
         <size>0x25a</size>
         <input_file_ref idref="fl-49"/>
      </object_component>
      <object_component id="oc-11">
         <name>.text</name>
         <load_address>0x32fc7</load_address>
         <run_address>0x32fc7</run_address>
         <size>0x1f9</size>
         <input_file_ref idref="fl-2"/>
      </object_component>
      <object_component id="oc-4d">
         <name>.text</name>
         <load_address>0x331c0</load_address>
         <run_address>0x331c0</run_address>
         <size>0x1ee</size>
         <input_file_ref idref="fl-25"/>
      </object_component>
      <object_component id="oc-9d">
         <name>.text</name>
         <load_address>0x333ae</load_address>
         <run_address>0x333ae</run_address>
         <size>0x1ea</size>
         <input_file_ref idref="fl-36"/>
      </object_component>
      <object_component id="oc-40">
         <name>.text</name>
         <load_address>0x33598</load_address>
         <run_address>0x33598</run_address>
         <size>0x163</size>
         <input_file_ref idref="fl-22"/>
      </object_component>
      <object_component id="oc-d2">
         <name>.text</name>
         <load_address>0x336fb</load_address>
         <run_address>0x336fb</run_address>
         <size>0x14c</size>
         <input_file_ref idref="fl-43"/>
      </object_component>
      <object_component id="oc-45">
         <name>.text</name>
         <load_address>0x33847</load_address>
         <run_address>0x33847</run_address>
         <size>0x10f</size>
         <input_file_ref idref="fl-23"/>
      </object_component>
      <object_component id="oc-e2">
         <name>.text</name>
         <load_address>0x33956</load_address>
         <run_address>0x33956</run_address>
         <size>0xe6</size>
         <input_file_ref idref="fl-47"/>
      </object_component>
      <object_component id="oc-85">
         <name>.text</name>
         <load_address>0x33a3c</load_address>
         <run_address>0x33a3c</run_address>
         <size>0xdd</size>
         <input_file_ref idref="fl-31"/>
      </object_component>
      <object_component id="oc-2e">
         <name>.text</name>
         <load_address>0x33b19</load_address>
         <run_address>0x33b19</run_address>
         <size>0xc2</size>
         <input_file_ref idref="fl-1e"/>
      </object_component>
      <object_component id="oc-76">
         <name>.text:CIO_breakpoint</name>
         <load_address>0x33bdb</load_address>
         <run_address>0x33bdb</run_address>
         <size>0xba</size>
         <input_file_ref idref="fl-2d"/>
      </object_component>
      <object_component id="oc-81">
         <name>.text</name>
         <load_address>0x33c95</load_address>
         <run_address>0x33c95</run_address>
         <size>0xae</size>
         <input_file_ref idref="fl-30"/>
      </object_component>
      <object_component id="oc-3c">
         <name>.text</name>
         <load_address>0x33d43</load_address>
         <run_address>0x33d43</run_address>
         <size>0xa6</size>
         <input_file_ref idref="fl-21"/>
      </object_component>
      <object_component id="oc-a9">
         <name>.text</name>
         <load_address>0x33de9</load_address>
         <run_address>0x33de9</run_address>
         <size>0xa1</size>
         <input_file_ref idref="fl-39"/>
      </object_component>
      <object_component id="oc-ca">
         <name>.text</name>
         <load_address>0x33e8a</load_address>
         <run_address>0x33e8a</run_address>
         <size>0x7d</size>
         <input_file_ref idref="fl-41"/>
      </object_component>
      <object_component id="oc-2a">
         <name>.text</name>
         <load_address>0x33f07</load_address>
         <run_address>0x33f07</run_address>
         <size>0x7b</size>
         <input_file_ref idref="fl-1d"/>
      </object_component>
      <object_component id="oc-f2">
         <name>.text</name>
         <load_address>0x33f82</load_address>
         <run_address>0x33f82</run_address>
         <size>0x76</size>
         <input_file_ref idref="fl-4b"/>
      </object_component>
      <object_component id="oc-ba">
         <name>.text</name>
         <load_address>0x33ff8</load_address>
         <run_address>0x33ff8</run_address>
         <size>0x73</size>
         <input_file_ref idref="fl-3d"/>
      </object_component>
      <object_component id="oc-de">
         <name>.text</name>
         <load_address>0x3406b</load_address>
         <run_address>0x3406b</run_address>
         <size>0x72</size>
         <input_file_ref idref="fl-46"/>
      </object_component>
      <object_component id="oc-b1">
         <name>.text</name>
         <load_address>0x340dd</load_address>
         <run_address>0x340dd</run_address>
         <size>0x6f</size>
         <input_file_ref idref="fl-3b"/>
      </object_component>
      <object_component id="oc-73">
         <name>.text</name>
         <load_address>0x3414c</load_address>
         <run_address>0x3414c</run_address>
         <size>0x6d</size>
         <input_file_ref idref="fl-2d"/>
      </object_component>
      <object_component id="oc-49">
         <name>.text</name>
         <load_address>0x341b9</load_address>
         <run_address>0x341b9</run_address>
         <size>0x6b</size>
         <input_file_ref idref="fl-24"/>
      </object_component>
      <object_component id="oc-b5">
         <name>.text</name>
         <load_address>0x34224</load_address>
         <run_address>0x34224</run_address>
         <size>0x67</size>
         <input_file_ref idref="fl-3c"/>
      </object_component>
      <object_component id="oc-19">
         <name>.text</name>
         <load_address>0x3428b</load_address>
         <run_address>0x3428b</run_address>
         <size>0x5c</size>
         <input_file_ref idref="fl-19"/>
      </object_component>
      <object_component id="oc-62">
         <name>.text</name>
         <load_address>0x342e7</load_address>
         <run_address>0x342e7</run_address>
         <size>0x50</size>
         <input_file_ref idref="fl-29"/>
      </object_component>
      <object_component id="oc-99">
         <name>.text</name>
         <load_address>0x34337</load_address>
         <run_address>0x34337</run_address>
         <size>0x4d</size>
         <input_file_ref idref="fl-35"/>
      </object_component>
      <object_component id="oc-95">
         <name>.text</name>
         <load_address>0x34384</load_address>
         <run_address>0x34384</run_address>
         <size>0x4b</size>
         <input_file_ref idref="fl-34"/>
      </object_component>
      <object_component id="oc-da">
         <name>.text</name>
         <load_address>0x343cf</load_address>
         <run_address>0x343cf</run_address>
         <size>0x4b</size>
         <input_file_ref idref="fl-45"/>
      </object_component>
      <object_component id="oc-38">
         <name>.text</name>
         <load_address>0x3441a</load_address>
         <run_address>0x3441a</run_address>
         <size>0x4a</size>
         <input_file_ref idref="fl-20"/>
      </object_component>
      <object_component id="oc-ee">
         <name>.text</name>
         <load_address>0x34464</load_address>
         <run_address>0x34464</run_address>
         <size>0x48</size>
         <input_file_ref idref="fl-4a"/>
      </object_component>
      <object_component id="oc-57">
         <name>.text</name>
         <load_address>0x344ac</load_address>
         <run_address>0x344ac</run_address>
         <size>0x3f</size>
         <input_file_ref idref="fl-27"/>
      </object_component>
      <object_component id="oc-23">
         <name>.text</name>
         <load_address>0x344eb</load_address>
         <run_address>0x344eb</run_address>
         <size>0x3e</size>
         <input_file_ref idref="fl-1c"/>
      </object_component>
      <object_component id="oc-f">
         <name>.text</name>
         <load_address>0x34529</load_address>
         <run_address>0x34529</run_address>
         <size>0x34</size>
         <input_file_ref idref="fl-1a"/>
      </object_component>
      <object_component id="oc-ad">
         <name>.text</name>
         <load_address>0x3455d</load_address>
         <run_address>0x3455d</run_address>
         <size>0x2a</size>
         <input_file_ref idref="fl-3a"/>
      </object_component>
      <object_component id="oc-79">
         <name>.text</name>
         <load_address>0x34587</load_address>
         <run_address>0x34587</run_address>
         <size>0x2a</size>
         <input_file_ref idref="fl-2e"/>
      </object_component>
      <object_component id="oc-ce">
         <name>.text</name>
         <load_address>0x345b1</load_address>
         <run_address>0x345b1</run_address>
         <size>0x23</size>
         <input_file_ref idref="fl-42"/>
      </object_component>
      <object_component id="oc-be">
         <name>.text</name>
         <load_address>0x345d4</load_address>
         <run_address>0x345d4</run_address>
         <size>0x1a</size>
         <input_file_ref idref="fl-3e"/>
      </object_component>
      <object_component id="oc-e6">
         <name>.text</name>
         <load_address>0x345ee</load_address>
         <run_address>0x345ee</run_address>
         <size>0x14</size>
         <input_file_ref idref="fl-48"/>
      </object_component>
      <object_component id="oc-c6">
         <name>.text</name>
         <load_address>0x34602</load_address>
         <run_address>0x34602</run_address>
         <size>0x13</size>
         <input_file_ref idref="fl-40"/>
      </object_component>
      <object_component id="oc-89">
         <name>.text</name>
         <load_address>0x34615</load_address>
         <run_address>0x34615</run_address>
         <size>0x12</size>
         <input_file_ref idref="fl-32"/>
      </object_component>
      <object_component id="oc-d6">
         <name>.text</name>
         <load_address>0x34627</load_address>
         <run_address>0x34627</run_address>
         <size>0x10</size>
         <input_file_ref idref="fl-44"/>
      </object_component>
      <object_component id="oc-6a">
         <name>.text</name>
         <load_address>0x34637</load_address>
         <run_address>0x34637</run_address>
         <size>0xe</size>
         <input_file_ref idref="fl-2b"/>
      </object_component>
      <object_component id="oc-66">
         <name>.text</name>
         <load_address>0x34645</load_address>
         <run_address>0x34645</run_address>
         <size>0xa</size>
         <input_file_ref idref="fl-2a"/>
      </object_component>
      <object_component id="oc-27">
         <name>.text:CIO_breakpoint</name>
         <load_address>0x3464f</load_address>
         <run_address>0x3464f</run_address>
         <size>0x7</size>
         <input_file_ref idref="fl-1c"/>
      </object_component>
      <object_component id="oc-7d">
         <name>.text</name>
         <load_address>0x34656</load_address>
         <run_address>0x34656</run_address>
         <size>0x2</size>
         <input_file_ref idref="fl-2f"/>
      </object_component>
      <object_component id="oc-14">
         <name>.cinit</name>
         <load_address>0x6448</load_address>
         <run_address>0x6448</run_address>
         <size>0x5e</size>
         <input_file_ref idref="fl-2"/>
      </object_component>
      <object_component id="oc-54">
         <name>.cinit</name>
         <load_address>0x64a6</load_address>
         <run_address>0x64a6</run_address>
         <size>0x5a</size>
         <input_file_ref idref="fl-26"/>
      </object_component>
      <object_component id="oc-a3">
         <name>.cinit</name>
         <load_address>0x6500</load_address>
         <run_address>0x6500</run_address>
         <size>0x54</size>
         <input_file_ref idref="fl-37"/>
      </object_component>
      <object_component id="oc-8c">
         <name>.cinit</name>
         <load_address>0x6554</load_address>
         <run_address>0x6554</run_address>
         <size>0x14</size>
         <input_file_ref idref="fl-32"/>
      </object_component>
      <object_component id="oc-26">
         <name>.cinit</name>
         <load_address>0x6568</load_address>
         <run_address>0x6568</run_address>
         <size>0x14</size>
         <input_file_ref idref="fl-1c"/>
      </object_component>
      <object_component id="oc-35">
         <name>.cinit</name>
         <load_address>0x657c</load_address>
         <run_address>0x657c</run_address>
         <size>0x8</size>
         <input_file_ref idref="fl-1f"/>
      </object_component>
      <object_component id="oc-5e">
         <name>.cinit</name>
         <load_address>0x6584</load_address>
         <run_address>0x6584</run_address>
         <size>0x8</size>
         <input_file_ref idref="fl-28"/>
      </object_component>
      <object_component id="oc-f7">
         <name>.const:__ctypes_</name>
         <load_address>0x5dec</load_address>
         <run_address>0x5dec</run_address>
         <size>0x202</size>
         <input_file_ref idref="fl-1b"/>
      </object_component>
      <object_component id="oc-15">
         <name>.const:.string</name>
         <load_address>0x5ff0</load_address>
         <run_address>0x5ff0</run_address>
         <size>0x1a0</size>
         <input_file_ref idref="fl-2"/>
      </object_component>
      <object_component id="oc-92">
         <name>.const:.string</name>
         <load_address>0x6190</load_address>
         <run_address>0x6190</run_address>
         <size>0x48</size>
         <input_file_ref idref="fl-33"/>
      </object_component>
      <object_component id="oc-91">
         <name>.const</name>
         <load_address>0x61d8</load_address>
         <run_address>0x61d8</run_address>
         <size>0x18</size>
         <input_file_ref idref="fl-33"/>
      </object_component>
      <object_component id="oc-f8">
         <name>.const:_initial_approx$1</name>
         <load_address>0x61f0</load_address>
         <run_address>0x61f0</run_address>
         <size>0x10</size>
         <input_file_ref idref="fl-38"/>
      </object_component>
      <object_component id="oc-42">
         <name>.const:.string</name>
         <load_address>0x6200</load_address>
         <run_address>0x6200</run_address>
         <size>0x4</size>
         <input_file_ref idref="fl-22"/>
      </object_component>
      <object_component id="oc-b7">
         <name>.const</name>
         <load_address>0x6204</load_address>
         <run_address>0x6204</run_address>
         <size>0x4</size>
         <input_file_ref idref="fl-3c"/>
      </object_component>
      <object_component id="oc-75">
         <name>.cio</name>
         <uninitialized>true</uninitialized>
         <run_address>0x6208</run_address>
         <size>0x240</size>
         <input_file_ref idref="fl-2d"/>
      </object_component>
      <object_component id="oc-13">
         <name>.debug_info</name>
         <load_address>0x0</load_address>
         <run_address>0x0</run_address>
         <size>0xa84</size>
         <input_file_ref idref="fl-2"/>
      </object_component>
      <object_component id="oc-1a">
         <name>.debug_info</name>
         <load_address>0xa84</load_address>
         <run_address>0xa84</run_address>
         <size>0x5a4</size>
         <input_file_ref idref="fl-19"/>
      </object_component>
      <object_component id="oc-1e">
         <name>.debug_info</name>
         <load_address>0x1028</load_address>
         <run_address>0x1028</run_address>
         <size>0xe8</size>
         <input_file_ref idref="fl-1a"/>
      </object_component>
      <object_component id="oc-21">
         <name>.debug_info</name>
         <load_address>0x1110</load_address>
         <run_address>0x1110</run_address>
         <size>0x498</size>
         <input_file_ref idref="fl-1b"/>
      </object_component>
      <object_component id="oc-25">
         <name>.debug_info</name>
         <load_address>0x15a8</load_address>
         <run_address>0x15a8</run_address>
         <size>0x5fb</size>
         <input_file_ref idref="fl-1c"/>
      </object_component>
      <object_component id="oc-2b">
         <name>.debug_info</name>
         <load_address>0x1ba3</load_address>
         <run_address>0x1ba3</run_address>
         <size>0x64f</size>
         <input_file_ref idref="fl-1d"/>
      </object_component>
      <object_component id="oc-2f">
         <name>.debug_info</name>
         <load_address>0x21f2</load_address>
         <run_address>0x21f2</run_address>
         <size>0x706</size>
         <input_file_ref idref="fl-1e"/>
      </object_component>
      <object_component id="oc-34">
         <name>.debug_info</name>
         <load_address>0x28f8</load_address>
         <run_address>0x28f8</run_address>
         <size>0xa1c</size>
         <input_file_ref idref="fl-1f"/>
      </object_component>
      <object_component id="oc-39">
         <name>.debug_info</name>
         <load_address>0x3314</load_address>
         <run_address>0x3314</run_address>
         <size>0x763</size>
         <input_file_ref idref="fl-20"/>
      </object_component>
      <object_component id="oc-3d">
         <name>.debug_info</name>
         <load_address>0x3a77</load_address>
         <run_address>0x3a77</run_address>
         <size>0x6aa</size>
         <input_file_ref idref="fl-21"/>
      </object_component>
      <object_component id="oc-41">
         <name>.debug_info</name>
         <load_address>0x4121</load_address>
         <run_address>0x4121</run_address>
         <size>0x942</size>
         <input_file_ref idref="fl-22"/>
      </object_component>
      <object_component id="oc-46">
         <name>.debug_info</name>
         <load_address>0x4a63</load_address>
         <run_address>0x4a63</run_address>
         <size>0x762</size>
         <input_file_ref idref="fl-23"/>
      </object_component>
      <object_component id="oc-4a">
         <name>.debug_info</name>
         <load_address>0x51c5</load_address>
         <run_address>0x51c5</run_address>
         <size>0x5f7</size>
         <input_file_ref idref="fl-24"/>
      </object_component>
      <object_component id="oc-4e">
         <name>.debug_info</name>
         <load_address>0x57bc</load_address>
         <run_address>0x57bc</run_address>
         <size>0x8f7</size>
         <input_file_ref idref="fl-25"/>
      </object_component>
      <object_component id="oc-53">
         <name>.debug_info</name>
         <load_address>0x60b3</load_address>
         <run_address>0x60b3</run_address>
         <size>0x144b</size>
         <input_file_ref idref="fl-26"/>
      </object_component>
      <object_component id="oc-58">
         <name>.debug_info</name>
         <load_address>0x74fe</load_address>
         <run_address>0x74fe</run_address>
         <size>0xd1</size>
         <input_file_ref idref="fl-27"/>
      </object_component>
      <object_component id="oc-5d">
         <name>.debug_info</name>
         <load_address>0x75cf</load_address>
         <run_address>0x75cf</run_address>
         <size>0xb97</size>
         <input_file_ref idref="fl-28"/>
      </object_component>
      <object_component id="oc-63">
         <name>.debug_info</name>
         <load_address>0x8166</load_address>
         <run_address>0x8166</run_address>
         <size>0x76c</size>
         <input_file_ref idref="fl-29"/>
      </object_component>
      <object_component id="oc-67">
         <name>.debug_info</name>
         <load_address>0x88d2</load_address>
         <run_address>0x88d2</run_address>
         <size>0x510</size>
         <input_file_ref idref="fl-2a"/>
      </object_component>
      <object_component id="oc-6b">
         <name>.debug_info</name>
         <load_address>0x8de2</load_address>
         <run_address>0x8de2</run_address>
         <size>0x58a</size>
         <input_file_ref idref="fl-2b"/>
      </object_component>
      <object_component id="oc-70">
         <name>.debug_info</name>
         <load_address>0x936c</load_address>
         <run_address>0x936c</run_address>
         <size>0xed4</size>
         <input_file_ref idref="fl-2c"/>
      </object_component>
      <object_component id="oc-74">
         <name>.debug_info</name>
         <load_address>0xa240</load_address>
         <run_address>0xa240</run_address>
         <size>0x744</size>
         <input_file_ref idref="fl-2d"/>
      </object_component>
      <object_component id="oc-7a">
         <name>.debug_info</name>
         <load_address>0xa984</load_address>
         <run_address>0xa984</run_address>
         <size>0xef</size>
         <input_file_ref idref="fl-2e"/>
      </object_component>
      <object_component id="oc-7e">
         <name>.debug_info</name>
         <load_address>0xaa73</load_address>
         <run_address>0xaa73</run_address>
         <size>0xbc</size>
         <input_file_ref idref="fl-2f"/>
      </object_component>
      <object_component id="oc-82">
         <name>.debug_info</name>
         <load_address>0xab2f</load_address>
         <run_address>0xab2f</run_address>
         <size>0x6b8</size>
         <input_file_ref idref="fl-30"/>
      </object_component>
      <object_component id="oc-86">
         <name>.debug_info</name>
         <load_address>0xb1e7</load_address>
         <run_address>0xb1e7</run_address>
         <size>0x662</size>
         <input_file_ref idref="fl-31"/>
      </object_component>
      <object_component id="oc-8b">
         <name>.debug_info</name>
         <load_address>0xb849</load_address>
         <run_address>0xb849</run_address>
         <size>0x5bc</size>
         <input_file_ref idref="fl-32"/>
      </object_component>
      <object_component id="oc-90">
         <name>.debug_info</name>
         <load_address>0xbe05</load_address>
         <run_address>0xbe05</run_address>
         <size>0x27bd</size>
         <input_file_ref idref="fl-33"/>
      </object_component>
      <object_component id="oc-96">
         <name>.debug_info</name>
         <load_address>0xe5c2</load_address>
         <run_address>0xe5c2</run_address>
         <size>0x586</size>
         <input_file_ref idref="fl-34"/>
      </object_component>
      <object_component id="oc-9a">
         <name>.debug_info</name>
         <load_address>0xeb48</load_address>
         <run_address>0xeb48</run_address>
         <size>0xcd</size>
         <input_file_ref idref="fl-35"/>
      </object_component>
      <object_component id="oc-9e">
         <name>.debug_info</name>
         <load_address>0xec15</load_address>
         <run_address>0xec15</run_address>
         <size>0x81f</size>
         <input_file_ref idref="fl-36"/>
      </object_component>
      <object_component id="oc-a2">
         <name>.debug_info</name>
         <load_address>0xf434</load_address>
         <run_address>0xf434</run_address>
         <size>0x57e</size>
         <input_file_ref idref="fl-37"/>
      </object_component>
      <object_component id="oc-a6">
         <name>.debug_info</name>
         <load_address>0xf9b2</load_address>
         <run_address>0xf9b2</run_address>
         <size>0x7e8</size>
         <input_file_ref idref="fl-38"/>
      </object_component>
      <object_component id="oc-aa">
         <name>.debug_info</name>
         <load_address>0x1019a</load_address>
         <run_address>0x1019a</run_address>
         <size>0x534</size>
         <input_file_ref idref="fl-39"/>
      </object_component>
      <object_component id="oc-ae">
         <name>.debug_info</name>
         <load_address>0x106ce</load_address>
         <run_address>0x106ce</run_address>
         <size>0x4cf</size>
         <input_file_ref idref="fl-3a"/>
      </object_component>
      <object_component id="oc-b2">
         <name>.debug_info</name>
         <load_address>0x10b9d</load_address>
         <run_address>0x10b9d</run_address>
         <size>0x534</size>
         <input_file_ref idref="fl-3b"/>
      </object_component>
      <object_component id="oc-b6">
         <name>.debug_info</name>
         <load_address>0x110d1</load_address>
         <run_address>0x110d1</run_address>
         <size>0x549</size>
         <input_file_ref idref="fl-3c"/>
      </object_component>
      <object_component id="oc-bb">
         <name>.debug_info</name>
         <load_address>0x1161a</load_address>
         <run_address>0x1161a</run_address>
         <size>0x53e</size>
         <input_file_ref idref="fl-3d"/>
      </object_component>
      <object_component id="oc-bf">
         <name>.debug_info</name>
         <load_address>0x11b58</load_address>
         <run_address>0x11b58</run_address>
         <size>0x680</size>
         <input_file_ref idref="fl-3e"/>
      </object_component>
      <object_component id="oc-c3">
         <name>.debug_info</name>
         <load_address>0x121d8</load_address>
         <run_address>0x121d8</run_address>
         <size>0x7d4</size>
         <input_file_ref idref="fl-3f"/>
      </object_component>
      <object_component id="oc-c7">
         <name>.debug_info</name>
         <load_address>0x129ac</load_address>
         <run_address>0x129ac</run_address>
         <size>0xbd</size>
         <input_file_ref idref="fl-40"/>
      </object_component>
      <object_component id="oc-cb">
         <name>.debug_info</name>
         <load_address>0x12a69</load_address>
         <run_address>0x12a69</run_address>
         <size>0x5ad</size>
         <input_file_ref idref="fl-41"/>
      </object_component>
      <object_component id="oc-cf">
         <name>.debug_info</name>
         <load_address>0x13016</load_address>
         <run_address>0x13016</run_address>
         <size>0x574</size>
         <input_file_ref idref="fl-42"/>
      </object_component>
      <object_component id="oc-d3">
         <name>.debug_info</name>
         <load_address>0x1358a</load_address>
         <run_address>0x1358a</run_address>
         <size>0x55b</size>
         <input_file_ref idref="fl-43"/>
      </object_component>
      <object_component id="oc-d7">
         <name>.debug_info</name>
         <load_address>0x13ae5</load_address>
         <run_address>0x13ae5</run_address>
         <size>0x4b7</size>
         <input_file_ref idref="fl-44"/>
      </object_component>
      <object_component id="oc-db">
         <name>.debug_info</name>
         <load_address>0x13f9c</load_address>
         <run_address>0x13f9c</run_address>
         <size>0x4f2</size>
         <input_file_ref idref="fl-45"/>
      </object_component>
      <object_component id="oc-df">
         <name>.debug_info</name>
         <load_address>0x1448e</load_address>
         <run_address>0x1448e</run_address>
         <size>0x534</size>
         <input_file_ref idref="fl-46"/>
      </object_component>
      <object_component id="oc-e3">
         <name>.debug_info</name>
         <load_address>0x149c2</load_address>
         <run_address>0x149c2</run_address>
         <size>0x64a</size>
         <input_file_ref idref="fl-47"/>
      </object_component>
      <object_component id="oc-e7">
         <name>.debug_info</name>
         <load_address>0x1500c</load_address>
         <run_address>0x1500c</run_address>
         <size>0x4de</size>
         <input_file_ref idref="fl-48"/>
      </object_component>
      <object_component id="oc-eb">
         <name>.debug_info</name>
         <load_address>0x154ea</load_address>
         <run_address>0x154ea</run_address>
         <size>0x5ab</size>
         <input_file_ref idref="fl-49"/>
      </object_component>
      <object_component id="oc-ef">
         <name>.debug_info</name>
         <load_address>0x15a95</load_address>
         <run_address>0x15a95</run_address>
         <size>0x4f2</size>
         <input_file_ref idref="fl-4a"/>
      </object_component>
      <object_component id="oc-f3">
         <name>.debug_info</name>
         <load_address>0x15f87</load_address>
         <run_address>0x15f87</run_address>
         <size>0x4d2</size>
         <input_file_ref idref="fl-4b"/>
      </object_component>
      <object_component id="oc-113">
         <name>.debug_info</name>
         <load_address>0x16459</load_address>
         <run_address>0x16459</run_address>
         <size>0x6e</size>
      </object_component>
      <object_component id="oc-16">
         <name>.debug_frame</name>
         <load_address>0x0</load_address>
         <run_address>0x0</run_address>
         <size>0x102</size>
         <input_file_ref idref="fl-2"/>
      </object_component>
      <object_component id="oc-17">
         <name>.debug_line</name>
         <load_address>0x0</load_address>
         <run_address>0x0</run_address>
         <size>0xc8</size>
         <input_file_ref idref="fl-2"/>
      </object_component>
      <object_component id="oc-1b">
         <name>.debug_line</name>
         <load_address>0xc8</load_address>
         <run_address>0xc8</run_address>
         <size>0x46</size>
         <input_file_ref idref="fl-19"/>
      </object_component>
      <object_component id="oc-1f">
         <name>.debug_line</name>
         <load_address>0x10e</load_address>
         <run_address>0x10e</run_address>
         <size>0x54</size>
         <input_file_ref idref="fl-1a"/>
      </object_component>
      <object_component id="oc-28">
         <name>.debug_line</name>
         <load_address>0x162</load_address>
         <run_address>0x162</run_address>
         <size>0x51</size>
         <input_file_ref idref="fl-1c"/>
      </object_component>
      <object_component id="oc-2c">
         <name>.debug_line</name>
         <load_address>0x1b3</load_address>
         <run_address>0x1b3</run_address>
         <size>0x3d</size>
         <input_file_ref idref="fl-1d"/>
      </object_component>
      <object_component id="oc-30">
         <name>.debug_line</name>
         <load_address>0x1f0</load_address>
         <run_address>0x1f0</run_address>
         <size>0x5b</size>
         <input_file_ref idref="fl-1e"/>
      </object_component>
      <object_component id="oc-36">
         <name>.debug_line</name>
         <load_address>0x24b</load_address>
         <run_address>0x24b</run_address>
         <size>0xd7</size>
         <input_file_ref idref="fl-1f"/>
      </object_component>
      <object_component id="oc-3a">
         <name>.debug_line</name>
         <load_address>0x322</load_address>
         <run_address>0x322</run_address>
         <size>0x6a</size>
         <input_file_ref idref="fl-20"/>
      </object_component>
      <object_component id="oc-3e">
         <name>.debug_line</name>
         <load_address>0x38c</load_address>
         <run_address>0x38c</run_address>
         <size>0x56</size>
         <input_file_ref idref="fl-21"/>
      </object_component>
      <object_component id="oc-43">
         <name>.debug_line</name>
         <load_address>0x3e2</load_address>
         <run_address>0x3e2</run_address>
         <size>0xa8</size>
         <input_file_ref idref="fl-22"/>
      </object_component>
      <object_component id="oc-47">
         <name>.debug_line</name>
         <load_address>0x48a</load_address>
         <run_address>0x48a</run_address>
         <size>0x4d</size>
         <input_file_ref idref="fl-23"/>
      </object_component>
      <object_component id="oc-4b">
         <name>.debug_line</name>
         <load_address>0x4d7</load_address>
         <run_address>0x4d7</run_address>
         <size>0x3c</size>
         <input_file_ref idref="fl-24"/>
      </object_component>
      <object_component id="oc-4f">
         <name>.debug_line</name>
         <load_address>0x513</load_address>
         <run_address>0x513</run_address>
         <size>0x97</size>
         <input_file_ref idref="fl-25"/>
      </object_component>
      <object_component id="oc-55">
         <name>.debug_line</name>
         <load_address>0x5aa</load_address>
         <run_address>0x5aa</run_address>
         <size>0x1b0</size>
         <input_file_ref idref="fl-26"/>
      </object_component>
      <object_component id="oc-59">
         <name>.debug_line</name>
         <load_address>0x75a</load_address>
         <run_address>0x75a</run_address>
         <size>0x4d</size>
         <input_file_ref idref="fl-27"/>
      </object_component>
      <object_component id="oc-60">
         <name>.debug_line</name>
         <load_address>0x7a7</load_address>
         <run_address>0x7a7</run_address>
         <size>0x112</size>
         <input_file_ref idref="fl-28"/>
      </object_component>
      <object_component id="oc-64">
         <name>.debug_line</name>
         <load_address>0x8b9</load_address>
         <run_address>0x8b9</run_address>
         <size>0x69</size>
         <input_file_ref idref="fl-29"/>
      </object_component>
      <object_component id="oc-68">
         <name>.debug_line</name>
         <load_address>0x922</load_address>
         <run_address>0x922</run_address>
         <size>0x39</size>
         <input_file_ref idref="fl-2a"/>
      </object_component>
      <object_component id="oc-6c">
         <name>.debug_line</name>
         <load_address>0x95b</load_address>
         <run_address>0x95b</run_address>
         <size>0x3b</size>
         <input_file_ref idref="fl-2b"/>
      </object_component>
      <object_component id="oc-71">
         <name>.debug_line</name>
         <load_address>0x996</load_address>
         <run_address>0x996</run_address>
         <size>0x15d</size>
         <input_file_ref idref="fl-2c"/>
      </object_component>
      <object_component id="oc-77">
         <name>.debug_line</name>
         <load_address>0xaf3</load_address>
         <run_address>0xaf3</run_address>
         <size>0x6a</size>
         <input_file_ref idref="fl-2d"/>
      </object_component>
      <object_component id="oc-7b">
         <name>.debug_line</name>
         <load_address>0xb5d</load_address>
         <run_address>0xb5d</run_address>
         <size>0x58</size>
         <input_file_ref idref="fl-2e"/>
      </object_component>
      <object_component id="oc-7f">
         <name>.debug_line</name>
         <load_address>0xbb5</load_address>
         <run_address>0xbb5</run_address>
         <size>0x37</size>
         <input_file_ref idref="fl-2f"/>
      </object_component>
      <object_component id="oc-83">
         <name>.debug_line</name>
         <load_address>0xbec</load_address>
         <run_address>0xbec</run_address>
         <size>0x4c</size>
         <input_file_ref idref="fl-30"/>
      </object_component>
      <object_component id="oc-87">
         <name>.debug_line</name>
         <load_address>0xc38</load_address>
         <run_address>0xc38</run_address>
         <size>0x57</size>
         <input_file_ref idref="fl-31"/>
      </object_component>
      <object_component id="oc-8d">
         <name>.debug_line</name>
         <load_address>0xc8f</load_address>
         <run_address>0xc8f</run_address>
         <size>0x57</size>
         <input_file_ref idref="fl-32"/>
      </object_component>
      <object_component id="oc-93">
         <name>.debug_line</name>
         <load_address>0xce6</load_address>
         <run_address>0xce6</run_address>
         <size>0x328</size>
         <input_file_ref idref="fl-33"/>
      </object_component>
      <object_component id="oc-97">
         <name>.debug_line</name>
         <load_address>0x100e</load_address>
         <run_address>0x100e</run_address>
         <size>0x41</size>
         <input_file_ref idref="fl-34"/>
      </object_component>
      <object_component id="oc-9b">
         <name>.debug_line</name>
         <load_address>0x104f</load_address>
         <run_address>0x104f</run_address>
         <size>0x55</size>
         <input_file_ref idref="fl-35"/>
      </object_component>
      <object_component id="oc-9f">
         <name>.debug_line</name>
         <load_address>0x10a4</load_address>
         <run_address>0x10a4</run_address>
         <size>0xad</size>
         <input_file_ref idref="fl-36"/>
      </object_component>
      <object_component id="oc-a7">
         <name>.debug_line</name>
         <load_address>0x1151</load_address>
         <run_address>0x1151</run_address>
         <size>0x5b</size>
         <input_file_ref idref="fl-38"/>
      </object_component>
      <object_component id="oc-ab">
         <name>.debug_line</name>
         <load_address>0x11ac</load_address>
         <run_address>0x11ac</run_address>
         <size>0x44</size>
         <input_file_ref idref="fl-39"/>
      </object_component>
      <object_component id="oc-af">
         <name>.debug_line</name>
         <load_address>0x11f0</load_address>
         <run_address>0x11f0</run_address>
         <size>0x3d</size>
         <input_file_ref idref="fl-3a"/>
      </object_component>
      <object_component id="oc-b3">
         <name>.debug_line</name>
         <load_address>0x122d</load_address>
         <run_address>0x122d</run_address>
         <size>0x3d</size>
         <input_file_ref idref="fl-3b"/>
      </object_component>
      <object_component id="oc-b8">
         <name>.debug_line</name>
         <load_address>0x126a</load_address>
         <run_address>0x126a</run_address>
         <size>0x44</size>
         <input_file_ref idref="fl-3c"/>
      </object_component>
      <object_component id="oc-bc">
         <name>.debug_line</name>
         <load_address>0x12ae</load_address>
         <run_address>0x12ae</run_address>
         <size>0x40</size>
         <input_file_ref idref="fl-3d"/>
      </object_component>
      <object_component id="oc-c0">
         <name>.debug_line</name>
         <load_address>0x12ee</load_address>
         <run_address>0x12ee</run_address>
         <size>0x38</size>
         <input_file_ref idref="fl-3e"/>
      </object_component>
      <object_component id="oc-c4">
         <name>.debug_line</name>
         <load_address>0x1326</load_address>
         <run_address>0x1326</run_address>
         <size>0xa8</size>
         <input_file_ref idref="fl-3f"/>
      </object_component>
      <object_component id="oc-c8">
         <name>.debug_line</name>
         <load_address>0x13ce</load_address>
         <run_address>0x13ce</run_address>
         <size>0x3c</size>
         <input_file_ref idref="fl-40"/>
      </object_component>
      <object_component id="oc-cc">
         <name>.debug_line</name>
         <load_address>0x140a</load_address>
         <run_address>0x140a</run_address>
         <size>0x40</size>
         <input_file_ref idref="fl-41"/>
      </object_component>
      <object_component id="oc-d0">
         <name>.debug_line</name>
         <load_address>0x144a</load_address>
         <run_address>0x144a</run_address>
         <size>0x3c</size>
         <input_file_ref idref="fl-42"/>
      </object_component>
      <object_component id="oc-d4">
         <name>.debug_line</name>
         <load_address>0x1486</load_address>
         <run_address>0x1486</run_address>
         <size>0x3c</size>
         <input_file_ref idref="fl-43"/>
      </object_component>
      <object_component id="oc-d8">
         <name>.debug_line</name>
         <load_address>0x14c2</load_address>
         <run_address>0x14c2</run_address>
         <size>0x37</size>
         <input_file_ref idref="fl-44"/>
      </object_component>
      <object_component id="oc-dc">
         <name>.debug_line</name>
         <load_address>0x14f9</load_address>
         <run_address>0x14f9</run_address>
         <size>0x3c</size>
         <input_file_ref idref="fl-45"/>
      </object_component>
      <object_component id="oc-e0">
         <name>.debug_line</name>
         <load_address>0x1535</load_address>
         <run_address>0x1535</run_address>
         <size>0x44</size>
         <input_file_ref idref="fl-46"/>
      </object_component>
      <object_component id="oc-e4">
         <name>.debug_line</name>
         <load_address>0x1579</load_address>
         <run_address>0x1579</run_address>
         <size>0x3f</size>
         <input_file_ref idref="fl-47"/>
      </object_component>
      <object_component id="oc-e8">
         <name>.debug_line</name>
         <load_address>0x15b8</load_address>
         <run_address>0x15b8</run_address>
         <size>0x37</size>
         <input_file_ref idref="fl-48"/>
      </object_component>
      <object_component id="oc-ec">
         <name>.debug_line</name>
         <load_address>0x15ef</load_address>
         <run_address>0x15ef</run_address>
         <size>0x5c</size>
         <input_file_ref idref="fl-49"/>
      </object_component>
      <object_component id="oc-f0">
         <name>.debug_line</name>
         <load_address>0x164b</load_address>
         <run_address>0x164b</run_address>
         <size>0x3c</size>
         <input_file_ref idref="fl-4a"/>
      </object_component>
      <object_component id="oc-f4">
         <name>.debug_line</name>
         <load_address>0x1687</load_address>
         <run_address>0x1687</run_address>
         <size>0x3a</size>
         <input_file_ref idref="fl-4b"/>
      </object_component>
      <object_component id="oc-18">
         <name>.debug_abbrev</name>
         <load_address>0x0</load_address>
         <run_address>0x0</run_address>
         <size>0x157</size>
         <input_file_ref idref="fl-2"/>
      </object_component>
      <object_component id="oc-1c">
         <name>.debug_abbrev</name>
         <load_address>0x157</load_address>
         <run_address>0x157</run_address>
         <size>0xd5</size>
         <input_file_ref idref="fl-19"/>
      </object_component>
      <object_component id="oc-20">
         <name>.debug_abbrev</name>
         <load_address>0x22c</load_address>
         <run_address>0x22c</run_address>
         <size>0x3a</size>
         <input_file_ref idref="fl-1a"/>
      </object_component>
      <object_component id="oc-22">
         <name>.debug_abbrev</name>
         <load_address>0x266</load_address>
         <run_address>0x266</run_address>
         <size>0x68</size>
         <input_file_ref idref="fl-1b"/>
      </object_component>
      <object_component id="oc-29">
         <name>.debug_abbrev</name>
         <load_address>0x2ce</load_address>
         <run_address>0x2ce</run_address>
         <size>0xf7</size>
         <input_file_ref idref="fl-1c"/>
      </object_component>
      <object_component id="oc-2d">
         <name>.debug_abbrev</name>
         <load_address>0x3c5</load_address>
         <run_address>0x3c5</run_address>
         <size>0x118</size>
         <input_file_ref idref="fl-1d"/>
      </object_component>
      <object_component id="oc-31">
         <name>.debug_abbrev</name>
         <load_address>0x4dd</load_address>
         <run_address>0x4dd</run_address>
         <size>0x136</size>
         <input_file_ref idref="fl-1e"/>
      </object_component>
      <object_component id="oc-37">
         <name>.debug_abbrev</name>
         <load_address>0x613</load_address>
         <run_address>0x613</run_address>
         <size>0x1a2</size>
         <input_file_ref idref="fl-1f"/>
      </object_component>
      <object_component id="oc-3b">
         <name>.debug_abbrev</name>
         <load_address>0x7b5</load_address>
         <run_address>0x7b5</run_address>
         <size>0x123</size>
         <input_file_ref idref="fl-20"/>
      </object_component>
      <object_component id="oc-3f">
         <name>.debug_abbrev</name>
         <load_address>0x8d8</load_address>
         <run_address>0x8d8</run_address>
         <size>0x103</size>
         <input_file_ref idref="fl-21"/>
      </object_component>
      <object_component id="oc-44">
         <name>.debug_abbrev</name>
         <load_address>0x9db</load_address>
         <run_address>0x9db</run_address>
         <size>0x140</size>
         <input_file_ref idref="fl-22"/>
      </object_component>
      <object_component id="oc-48">
         <name>.debug_abbrev</name>
         <load_address>0xb1b</load_address>
         <run_address>0xb1b</run_address>
         <size>0x111</size>
         <input_file_ref idref="fl-23"/>
      </object_component>
      <object_component id="oc-4c">
         <name>.debug_abbrev</name>
         <load_address>0xc2c</load_address>
         <run_address>0xc2c</run_address>
         <size>0xd1</size>
         <input_file_ref idref="fl-24"/>
      </object_component>
      <object_component id="oc-50">
         <name>.debug_abbrev</name>
         <load_address>0xcfd</load_address>
         <run_address>0xcfd</run_address>
         <size>0x11e</size>
         <input_file_ref idref="fl-25"/>
      </object_component>
      <object_component id="oc-56">
         <name>.debug_abbrev</name>
         <load_address>0xe1b</load_address>
         <run_address>0xe1b</run_address>
         <size>0x225</size>
         <input_file_ref idref="fl-26"/>
      </object_component>
      <object_component id="oc-5a">
         <name>.debug_abbrev</name>
         <load_address>0x1040</load_address>
         <run_address>0x1040</run_address>
         <size>0x38</size>
         <input_file_ref idref="fl-27"/>
      </object_component>
      <object_component id="oc-61">
         <name>.debug_abbrev</name>
         <load_address>0x1078</load_address>
         <run_address>0x1078</run_address>
         <size>0x1de</size>
         <input_file_ref idref="fl-28"/>
      </object_component>
      <object_component id="oc-65">
         <name>.debug_abbrev</name>
         <load_address>0x1256</load_address>
         <run_address>0x1256</run_address>
         <size>0x145</size>
         <input_file_ref idref="fl-29"/>
      </object_component>
      <object_component id="oc-69">
         <name>.debug_abbrev</name>
         <load_address>0x139b</load_address>
         <run_address>0x139b</run_address>
         <size>0xbf</size>
         <input_file_ref idref="fl-2a"/>
      </object_component>
      <object_component id="oc-6d">
         <name>.debug_abbrev</name>
         <load_address>0x145a</load_address>
         <run_address>0x145a</run_address>
         <size>0xcf</size>
         <input_file_ref idref="fl-2b"/>
      </object_component>
      <object_component id="oc-72">
         <name>.debug_abbrev</name>
         <load_address>0x1529</load_address>
         <run_address>0x1529</run_address>
         <size>0x15a</size>
         <input_file_ref idref="fl-2c"/>
      </object_component>
      <object_component id="oc-78">
         <name>.debug_abbrev</name>
         <load_address>0x1683</load_address>
         <run_address>0x1683</run_address>
         <size>0xde</size>
         <input_file_ref idref="fl-2d"/>
      </object_component>
      <object_component id="oc-7c">
         <name>.debug_abbrev</name>
         <load_address>0x1761</load_address>
         <run_address>0x1761</run_address>
         <size>0x38</size>
         <input_file_ref idref="fl-2e"/>
      </object_component>
      <object_component id="oc-80">
         <name>.debug_abbrev</name>
         <load_address>0x1799</load_address>
         <run_address>0x1799</run_address>
         <size>0x26</size>
         <input_file_ref idref="fl-2f"/>
      </object_component>
      <object_component id="oc-84">
         <name>.debug_abbrev</name>
         <load_address>0x17bf</load_address>
         <run_address>0x17bf</run_address>
         <size>0x124</size>
         <input_file_ref idref="fl-30"/>
      </object_component>
      <object_component id="oc-88">
         <name>.debug_abbrev</name>
         <load_address>0x18e3</load_address>
         <run_address>0x18e3</run_address>
         <size>0xd1</size>
         <input_file_ref idref="fl-31"/>
      </object_component>
      <object_component id="oc-8e">
         <name>.debug_abbrev</name>
         <load_address>0x19b4</load_address>
         <run_address>0x19b4</run_address>
         <size>0x9f</size>
         <input_file_ref idref="fl-32"/>
      </object_component>
      <object_component id="oc-94">
         <name>.debug_abbrev</name>
         <load_address>0x1a53</load_address>
         <run_address>0x1a53</run_address>
         <size>0x1f8</size>
         <input_file_ref idref="fl-33"/>
      </object_component>
      <object_component id="oc-98">
         <name>.debug_abbrev</name>
         <load_address>0x1c4b</load_address>
         <run_address>0x1c4b</run_address>
         <size>0xec</size>
         <input_file_ref idref="fl-34"/>
      </object_component>
      <object_component id="oc-9c">
         <name>.debug_abbrev</name>
         <load_address>0x1d37</load_address>
         <run_address>0x1d37</run_address>
         <size>0x44</size>
         <input_file_ref idref="fl-35"/>
      </object_component>
      <object_component id="oc-a0">
         <name>.debug_abbrev</name>
         <load_address>0x1d7b</load_address>
         <run_address>0x1d7b</run_address>
         <size>0xb7</size>
         <input_file_ref idref="fl-36"/>
      </object_component>
      <object_component id="oc-a4">
         <name>.debug_abbrev</name>
         <load_address>0x1e32</load_address>
         <run_address>0x1e32</run_address>
         <size>0x83</size>
         <input_file_ref idref="fl-37"/>
      </object_component>
      <object_component id="oc-a8">
         <name>.debug_abbrev</name>
         <load_address>0x1eb5</load_address>
         <run_address>0x1eb5</run_address>
         <size>0x112</size>
         <input_file_ref idref="fl-38"/>
      </object_component>
      <object_component id="oc-ac">
         <name>.debug_abbrev</name>
         <load_address>0x1fc7</load_address>
         <run_address>0x1fc7</run_address>
         <size>0xb5</size>
         <input_file_ref idref="fl-39"/>
      </object_component>
      <object_component id="oc-b0">
         <name>.debug_abbrev</name>
         <load_address>0x207c</load_address>
         <run_address>0x207c</run_address>
         <size>0x8f</size>
         <input_file_ref idref="fl-3a"/>
      </object_component>
      <object_component id="oc-b4">
         <name>.debug_abbrev</name>
         <load_address>0x210b</load_address>
         <run_address>0x210b</run_address>
         <size>0xb7</size>
         <input_file_ref idref="fl-3b"/>
      </object_component>
      <object_component id="oc-b9">
         <name>.debug_abbrev</name>
         <load_address>0x21c2</load_address>
         <run_address>0x21c2</run_address>
         <size>0xc2</size>
         <input_file_ref idref="fl-3c"/>
      </object_component>
      <object_component id="oc-bd">
         <name>.debug_abbrev</name>
         <load_address>0x2284</load_address>
         <run_address>0x2284</run_address>
         <size>0x9a</size>
         <input_file_ref idref="fl-3d"/>
      </object_component>
      <object_component id="oc-c1">
         <name>.debug_abbrev</name>
         <load_address>0x231e</load_address>
         <run_address>0x231e</run_address>
         <size>0xd0</size>
         <input_file_ref idref="fl-3e"/>
      </object_component>
      <object_component id="oc-c5">
         <name>.debug_abbrev</name>
         <load_address>0x23ee</load_address>
         <run_address>0x23ee</run_address>
         <size>0xb7</size>
         <input_file_ref idref="fl-3f"/>
      </object_component>
      <object_component id="oc-c9">
         <name>.debug_abbrev</name>
         <load_address>0x24a5</load_address>
         <run_address>0x24a5</run_address>
         <size>0x38</size>
         <input_file_ref idref="fl-40"/>
      </object_component>
      <object_component id="oc-cd">
         <name>.debug_abbrev</name>
         <load_address>0x24dd</load_address>
         <run_address>0x24dd</run_address>
         <size>0xec</size>
         <input_file_ref idref="fl-41"/>
      </object_component>
      <object_component id="oc-d1">
         <name>.debug_abbrev</name>
         <load_address>0x25c9</load_address>
         <run_address>0x25c9</run_address>
         <size>0xb7</size>
         <input_file_ref idref="fl-42"/>
      </object_component>
      <object_component id="oc-d5">
         <name>.debug_abbrev</name>
         <load_address>0x2680</load_address>
         <run_address>0x2680</run_address>
         <size>0xdc</size>
         <input_file_ref idref="fl-43"/>
      </object_component>
      <object_component id="oc-d9">
         <name>.debug_abbrev</name>
         <load_address>0x275c</load_address>
         <run_address>0x275c</run_address>
         <size>0x81</size>
         <input_file_ref idref="fl-44"/>
      </object_component>
      <object_component id="oc-dd">
         <name>.debug_abbrev</name>
         <load_address>0x27dd</load_address>
         <run_address>0x27dd</run_address>
         <size>0xa6</size>
         <input_file_ref idref="fl-45"/>
      </object_component>
      <object_component id="oc-e1">
         <name>.debug_abbrev</name>
         <load_address>0x2883</load_address>
         <run_address>0x2883</run_address>
         <size>0xb5</size>
         <input_file_ref idref="fl-46"/>
      </object_component>
      <object_component id="oc-e5">
         <name>.debug_abbrev</name>
         <load_address>0x2938</load_address>
         <run_address>0x2938</run_address>
         <size>0x10b</size>
         <input_file_ref idref="fl-47"/>
      </object_component>
      <object_component id="oc-e9">
         <name>.debug_abbrev</name>
         <load_address>0x2a43</load_address>
         <run_address>0x2a43</run_address>
         <size>0x8f</size>
         <input_file_ref idref="fl-48"/>
      </object_component>
      <object_component id="oc-ed">
         <name>.debug_abbrev</name>
         <load_address>0x2ad2</load_address>
         <run_address>0x2ad2</run_address>
         <size>0xd4</size>
         <input_file_ref idref="fl-49"/>
      </object_component>
      <object_component id="oc-f1">
         <name>.debug_abbrev</name>
         <load_address>0x2ba6</load_address>
         <run_address>0x2ba6</run_address>
         <size>0xa6</size>
         <input_file_ref idref="fl-4a"/>
      </object_component>
      <object_component id="oc-f5">
         <name>.debug_abbrev</name>
         <load_address>0x2c4c</load_address>
         <run_address>0x2c4c</run_address>
         <size>0x81</size>
         <input_file_ref idref="fl-4b"/>
      </object_component>
      <object_component id="oc-114">
         <name>.debug_abbrev</name>
         <load_address>0x2ccd</load_address>
         <run_address>0x2ccd</run_address>
         <size>0xd</size>
      </object_component>
   </object_component_list>
   <logical_group_list>
      <logical_group id="lg-2">
         <name>vectors</name>
         <load_address>0x6590</load_address>
         <run_address>0x6590</run_address>
         <size>0x100</size>
         <contents>
            <object_component_ref idref="oc-10"/>
         </contents>
      </logical_group>
      <logical_group id="lg-3">
         <name>.bss</name>
         <run_address>0x50c0</run_address>
         <size>0xd2c</size>
         <contents>
            <object_component_ref idref="oc-12"/>
            <object_component_ref idref="oc-24"/>
            <object_component_ref idref="oc-33"/>
            <object_component_ref idref="oc-52"/>
            <object_component_ref idref="oc-5c"/>
            <object_component_ref idref="oc-6f"/>
            <object_component_ref idref="oc-8a"/>
            <object_component_ref idref="oc-a1"/>
         </contents>
      </logical_group>
      <logical_group id="lg-4">
         <name>vector</name>
         <run_address>0x0</run_address>
         <size>0x0</size>
         <contents>
         </contents>
      </logical_group>
      <logical_group id="lg-5">
         <name>.stack</name>
         <run_address>0xc0</run_address>
         <size>0x2000</size>
         <contents>
            <object_component_ref idref="oc-1d"/>
            <object_component_ref idref="oc-10f"/>
         </contents>
      </logical_group>
      <logical_group id="lg-6">
         <name>.sysstack</name>
         <run_address>0x40c0</run_address>
         <size>0x1000</size>
         <contents>
            <object_component_ref idref="oc-f6"/>
            <object_component_ref idref="oc-111"/>
         </contents>
      </logical_group>
      <logical_group id="lg-7">
         <name>.sysmem</name>
         <run_address>0x20c0</run_address>
         <size>0x2000</size>
         <contents>
            <object_component_ref idref="oc-5f"/>
            <object_component_ref idref="oc-110"/>
         </contents>
      </logical_group>
      <logical_group id="lg-8">
         <name>.text</name>
         <load_address>0x30000</load_address>
         <run_address>0x30000</run_address>
         <size>0x4659</size>
         <contents>
            <object_component_ref idref="oc-8f"/>
            <object_component_ref idref="oc-51"/>
            <object_component_ref idref="oc-6e"/>
            <object_component_ref idref="oc-5b"/>
            <object_component_ref idref="oc-a5"/>
            <object_component_ref idref="oc-32"/>
            <object_component_ref idref="oc-c2"/>
            <object_component_ref idref="oc-ea"/>
            <object_component_ref idref="oc-11"/>
            <object_component_ref idref="oc-4d"/>
            <object_component_ref idref="oc-9d"/>
            <object_component_ref idref="oc-40"/>
            <object_component_ref idref="oc-d2"/>
            <object_component_ref idref="oc-45"/>
            <object_component_ref idref="oc-e2"/>
            <object_component_ref idref="oc-85"/>
            <object_component_ref idref="oc-2e"/>
            <object_component_ref idref="oc-76"/>
            <object_component_ref idref="oc-81"/>
            <object_component_ref idref="oc-3c"/>
            <object_component_ref idref="oc-a9"/>
            <object_component_ref idref="oc-ca"/>
            <object_component_ref idref="oc-2a"/>
            <object_component_ref idref="oc-f2"/>
            <object_component_ref idref="oc-ba"/>
            <object_component_ref idref="oc-de"/>
            <object_component_ref idref="oc-b1"/>
            <object_component_ref idref="oc-73"/>
            <object_component_ref idref="oc-49"/>
            <object_component_ref idref="oc-b5"/>
            <object_component_ref idref="oc-19"/>
            <object_component_ref idref="oc-62"/>
            <object_component_ref idref="oc-99"/>
            <object_component_ref idref="oc-95"/>
            <object_component_ref idref="oc-da"/>
            <object_component_ref idref="oc-38"/>
            <object_component_ref idref="oc-ee"/>
            <object_component_ref idref="oc-57"/>
            <object_component_ref idref="oc-23"/>
            <object_component_ref idref="oc-f"/>
            <object_component_ref idref="oc-ad"/>
            <object_component_ref idref="oc-79"/>
            <object_component_ref idref="oc-ce"/>
            <object_component_ref idref="oc-be"/>
            <object_component_ref idref="oc-e6"/>
            <object_component_ref idref="oc-c6"/>
            <object_component_ref idref="oc-89"/>
            <object_component_ref idref="oc-d6"/>
            <object_component_ref idref="oc-6a"/>
            <object_component_ref idref="oc-66"/>
            <object_component_ref idref="oc-27"/>
            <object_component_ref idref="oc-7d"/>
         </contents>
      </logical_group>
      <logical_group id="lg-9">
         <name>.data</name>
         <run_address>0xc0</run_address>
         <size>0x0</size>
         <contents>
         </contents>
      </logical_group>
      <logical_group id="lg-a">
         <name>.cinit</name>
         <load_address>0x6448</load_address>
         <run_address>0x6448</run_address>
         <size>0x146</size>
         <contents>
            <object_component_ref idref="oc-14"/>
            <object_component_ref idref="oc-54"/>
            <object_component_ref idref="oc-a3"/>
            <object_component_ref idref="oc-8c"/>
            <object_component_ref idref="oc-26"/>
            <object_component_ref idref="oc-35"/>
            <object_component_ref idref="oc-5e"/>
         </contents>
      </logical_group>
      <logical_group id="lg-b">
         <name>.const</name>
         <load_address>0x5dec</load_address>
         <run_address>0x5dec</run_address>
         <size>0x41c</size>
         <contents>
            <object_component_ref idref="oc-f7"/>
            <object_component_ref idref="oc-15"/>
            <object_component_ref idref="oc-92"/>
            <object_component_ref idref="oc-91"/>
            <object_component_ref idref="oc-f8"/>
            <object_component_ref idref="oc-42"/>
            <object_component_ref idref="oc-b7"/>
         </contents>
      </logical_group>
      <logical_group id="lg-c">
         <name>.cio</name>
         <run_address>0x6208</run_address>
         <size>0x240</size>
         <contents>
            <object_component_ref idref="oc-75"/>
         </contents>
      </logical_group>
      <logical_group id="lg-d">
         <name>.usect</name>
         <run_address>0x0</run_address>
         <size>0x0</size>
[...]
      </symbol>
      <symbol id="sm-d">
         <name>__SYSSTACK_SIZE</name>
         <value>0x1000</value>
      </symbol>
      <symbol id="sm-e">
         <name>.text</name>
         <value>0x30000</value>
      </symbol>
      <symbol id="sm-f">
         <name>___text__</name>
         <value>0x30000</value>
      </symbol>
      <symbol id="sm-10">
         <name>etext</name>
         <value>0x34659</value>
      </symbol>
      <symbol id="sm-11">
         <name>___etext__</name>
         <value>0x34659</value>
      </symbol>
      <symbol id="sm-12">
         <name>.data</name>
         <value>0xc0</value>
      </symbol>
      <symbol id="sm-13">
         <name>___data__</name>
         <value>0xc0</value>
      </symbol>
      <symbol id="sm-14">
         <name>edata</name>
         <value>0xc0</value>
      </symbol>
      <symbol id="sm-15">
         <name>___edata__</name>
         <value>0xc0</value>
      </symbol>
      <symbol id="sm-16">
         <name>.bss</name>
         <value>0x50c0</value>
      </symbol>
      <symbol id="sm-17">
         <name>___bss__</name>
         <value>0x50c0</value>
      </symbol>
      <symbol id="sm-18">
         <name>end</name>
         <value>0x5dec</value>
      </symbol>
      <symbol id="sm-19">
         <name>___end__</name>
         <value>0x5dec</value>
      </symbol>
      <symbol id="sm-6d">
         <name>_main</name>
         <value>0x32ffd</value>
         <object_component_ref idref="oc-11"/>
      </symbol>
      <symbol id="sm-6e">
         <name>_chunk</name>
         <value>0x5118</value>
         <object_component_ref idref="oc-12"/>
      </symbol>
      <symbol id="sm-6f">
         <name>_BinPrint8</name>
         <value>0x32fc7</value>
         <object_component_ref idref="oc-11"/>
      </symbol>
      <symbol id="sm-70">
         <name>_waveHeader</name>
         <value>0x50c0</value>
         <object_component_ref idref="oc-12"/>
      </symbol>
      <symbol id="sm-7a">
         <name>_atoi</name>
         <value>0x3428b</value>
         <object_component_ref idref="oc-19"/>
      </symbol>
      <symbol id="sm-86">
         <name>__sysstack</name>
         <value>0x40c0</value>
         <object_component_ref idref="oc-f6"/>
      </symbol>
      <symbol id="sm-87">
         <name>_c_int00</name>
         <value>0x34529</value>
         <object_component_ref idref="oc-f"/>
      </symbol>
      <symbol id="sm-88">
         <name>__stack</name>
         <value>0xc0</value>
         <object_component_ref idref="oc-1d"/>
      </symbol>
      <symbol id="sm-90">
         <name>__ctypes_</name>
         <value>0x5dec</value>
         <object_component_ref idref="oc-f7"/>
      </symbol>
      <symbol id="sm-a0">
         <name>C$$EXIT</name>
         <value>0x34650</value>
         <object_component_ref idref="oc-27"/>
      </symbol>
      <symbol id="sm-a1">
         <name>_exit</name>
         <value>0x344eb</value>
         <object_component_ref idref="oc-23"/>
      </symbol>
      <symbol id="sm-a2">
         <name>_abort</name>
         <value>0x3464f</value>
         <object_component_ref idref="oc-27"/>
      </symbol>
      <symbol id="sm-a3">
         <name>__cleanup_ptr</name>
         <value>0x5de4</value>
         <object_component_ref idref="oc-24"/>
      </symbol>
      <symbol id="sm-a4">
         <name>__dtors_ptr</name>
         <value>0x5de8</value>
         <object_component_ref idref="oc-24"/>
      </symbol>
      <symbol id="sm-ae">
         <name>_fclose</name>
         <value>0x33f07</value>
         <object_component_ref idref="oc-2a"/>
      </symbol>
      <symbol id="sm-b8">
         <name>__doflush</name>
         <value>0x33b19</value>
         <object_component_ref idref="oc-2e"/>
      </symbol>
      <symbol id="sm-b9">
         <name>_fflush</name>
         <value>0x33b82</value>
         <object_component_ref idref="oc-2e"/>
      </symbol>
      <symbol id="sm-c8">
         <name>__cleanup</name>
         <value>0x329b1</value>
         <object_component_ref idref="oc-32"/>
      </symbol>
      <symbol id="sm-c9">
         <name>_fopen</name>
         <value>0x32ad4</value>
         <object_component_ref idref="oc-32"/>
      </symbol>
      <symbol id="sm-ca">
         <name>_freopen</name>
         <value>0x32a0b</value>
         <object_component_ref idref="oc-32"/>
      </symbol>
      <symbol id="sm-d4">
         <name>_fprintf</name>
         <value>0x3441a</value>
         <object_component_ref idref="oc-38"/>
      </symbol>
      <symbol id="sm-de">
         <name>_putchar</name>
         <value>0x33dda</value>
         <object_component_ref idref="oc-3c"/>
      </symbol>
      <symbol id="sm-df">
         <name>_putc</name>
         <value>0x33d43</value>
         <object_component_ref idref="oc-3c"/>
      </symbol>
      <symbol id="sm-e0">
         <name>_fputc</name>
         <value>0x33d43</value>
         <object_component_ref idref="oc-3c"/>
      </symbol>
      <symbol id="sm-ee">
         <name>_puts</name>
         <value>0x336cd</value>
         <object_component_ref idref="oc-40"/>
      </symbol>
      <symbol id="sm-ef">
         <name>_fputs</name>
         <value>0x33598</value>
         <object_component_ref idref="oc-40"/>
      </symbol>
      <symbol id="sm-f9">
         <name>_fread</name>
         <value>0x33847</value>
         <object_component_ref idref="oc-45"/>
      </symbol>
      <symbol id="sm-103">
         <name>_fseek</name>
         <value>0x341b9</value>
         <object_component_ref idref="oc-49"/>
      </symbol>
      <symbol id="sm-10f">
         <name>_fwrite</name>
         <value>0x331c0</value>
         <object_component_ref idref="oc-4d"/>
      </symbol>
      <symbol id="sm-121">
         <name>_add_device</name>
         <value>0x319f7</value>
         <object_component_ref idref="oc-51"/>
      </symbol>
      <symbol id="sm-122">
         <name>_rename</name>
         <value>0x31719</value>
         <object_component_ref idref="oc-51"/>
      </symbol>
      <symbol id="sm-123">
         <name>_read</name>
         <value>0x317a8</value>
         <object_component_ref idref="oc-51"/>
      </symbol>
      <symbol id="sm-124">
         <name>_unlink</name>
         <value>0x316e6</value>
         <object_component_ref idref="oc-51"/>
      </symbol>
      <symbol id="sm-125">
         <name>_remove_device</name>
         <value>0x31772</value>
         <object_component_ref idref="oc-51"/>
      </symbol>
      <symbol id="sm-126">
         <name>_open</name>
         <value>0x31856</value>
         <object_component_ref idref="oc-51"/>
      </symbol>
      <symbol id="sm-127">
         <name>_find_registered_device</name>
         <value>0x3197b</value>
         <object_component_ref idref="oc-51"/>
      </symbol>
      <symbol id="sm-128">
         <name>_lseek</name>
         <value>0x31915</value>
         <object_component_ref idref="oc-51"/>
      </symbol>
      <symbol id="sm-129">
         <name>_close</name>
         <value>0x31984</value>
         <object_component_ref idref="oc-51"/>
      </symbol>
      <symbol id="sm-12a">
         <name>_write</name>
         <value>0x315a4</value>
         <object_component_ref idref="oc-51"/>
      </symbol>
      <symbol id="sm-132">
         <name>_memcpy</name>
         <value>0x344ac</value>
         <object_component_ref idref="oc-57"/>
      </symbol>
      <symbol id="sm-142">
         <name>__sys_memory</name>
         <value>0x20c0</value>
         <object_component_ref idref="oc-5f"/>
      </symbol>
      <symbol id="sm-143">
         <name>_chkheap</name>
         <value>0x32496</value>
         <object_component_ref idref="oc-5b"/>
      </symbol>
      <symbol id="sm-144">
         <name>_realloc</name>
         <value>0x32235</value>
         <object_component_ref idref="oc-5b"/>
      </symbol>
      <symbol id="sm-145">
         <name>_free_memory</name>
         <value>0x32440</value>
         <object_component_ref idref="oc-5b"/>
      </symbol>
      <symbol id="sm-146">
         <name>_max_free</name>
         <value>0x323e6</value>
         <object_component_ref idref="oc-5b"/>
      </symbol>
      <symbol id="sm-147">
         <name>_free</name>
         <value>0x3200f</value>
         <object_component_ref idref="oc-5b"/>
      </symbol>
      <symbol id="sm-148">
         <name>_calloc</name>
         <value>0x3249e</value>
         <object_component_ref idref="oc-5b"/>
      </symbol>
      <symbol id="sm-149">
         <name>_malloc</name>
         <value>0x32140</value>
         <object_component_ref idref="oc-5b"/>
      </symbol>
      <symbol id="sm-14a">
         <name>_minit</name>
         <value>0x320db</value>
         <object_component_ref idref="oc-5b"/>
      </symbol>
      <symbol id="sm-154">
         <name>_printf</name>
         <value>0x342e7</value>
         <object_component_ref idref="oc-62"/>
      </symbol>
      <symbol id="sm-15e">
         <name>_remove</name>
         <value>0x34645</value>
         <object_component_ref idref="oc-66"/>
      </symbol>
      <symbol id="sm-168">
         <name>_rewind</name>
         <value>0x34637</value>
         <object_component_ref idref="oc-6a"/>
      </symbol>
      <symbol id="sm-174">
         <name>_HOSTopen</name>
         <value>0x31df2</value>
         <object_component_ref idref="oc-6e"/>
      </symbol>
      <symbol id="sm-175">
         <name>_HOSTread</name>
         <value>0x31d65</value>
         <object_component_ref idref="oc-6e"/>
      </symbol>
      <symbol id="sm-176">
         <name>_HOSTtime</name>
         <value>0x31c59</value>
         <object_component_ref idref="oc-6e"/>
      </symbol>
      <symbol id="sm-177">
         <name>_getenv</name>
         <value>0x31ae7</value>
         <object_component_ref idref="oc-6e"/>
      </symbol>
      <symbol id="sm-178">
         <name>_HOSTrename</name>
         <value>0x31cb7</value>
         <object_component_ref idref="oc-6e"/>
      </symbol>
      <symbol id="sm-179">
         <name>_HOSTclock</name>
         <value>0x31fb1</value>
         <object_component_ref idref="oc-6e"/>
      </symbol>
      <symbol id="sm-17a">
         <name>_HOSTwrite</name>
         <value>0x31b62</value>
         <object_component_ref idref="oc-6e"/>
      </symbol>
      <symbol id="sm-17b">
         <name>_HOSTlseek</name>
         <value>0x31e91</value>
         <object_component_ref idref="oc-6e"/>
      </symbol>
      <symbol id="sm-17c">
         <name>_HOSTunlink</name>
         <value>0x31bef</value>
         <object_component_ref idref="oc-6e"/>
      </symbol>
      <symbol id="sm-17d">
         <name>_HOSTclose</name>
         <value>0x31f46</value>
         <object_component_ref idref="oc-6e"/>
      </symbol>
      <symbol id="sm-18f">
         <name>C$$IO$$</name>
         <value>0x33c90</value>
         <object_component_ref idref="oc-76"/>
      </symbol>
      <symbol id="sm-190">
         <name>__CIOBUF_</name>
         <value>0x6208</value>
         <object_component_ref idref="oc-75"/>
      </symbol>
      <symbol id="sm-191">
         <name>_readmsg</name>
         <value>0x3414c</value>
         <object_component_ref idref="oc-73"/>
      </symbol>
      <symbol id="sm-192">
         <name>_writemsg</name>
         <value>0x33bdb</value>
         <object_component_ref idref="oc-76"/>
      </symbol>
      <symbol id="sm-19a">
         <name>__remu</name>
         <value>0x3459c</value>
         <object_component_ref idref="oc-79"/>
      </symbol>
      <symbol id="sm-19b">
         <name>__divu</name>
         <value>0x34587</value>
         <object_component_ref idref="oc-79"/>
      </symbol>
      <symbol id="sm-19c">
         <name>I$$UMOD</name>
         <value>0x3459c</value>
         <object_component_ref idref="oc-79"/>
      </symbol>
      <symbol id="sm-19d">
         <name>I$$UDIV</name>
         <value>0x34587</value>
         <object_component_ref idref="oc-79"/>
      </symbol>
      <symbol id="sm-1a7">
         <name>_Reset</name>
         <value>0x6590</value>
         <object_component_ref idref="oc-10"/>
      </symbol>
      <symbol id="sm-1b1">
         <name>__buff_read</name>
         <value>0x33c95</value>
         <object_component_ref idref="oc-81"/>
      </symbol>
      <symbol id="sm-1bb">
         <name>__rd_ok</name>
         <value>0x33abc</value>
         <object_component_ref idref="oc-85"/>
      </symbol>
      <symbol id="sm-1bc">
         <name>__wrt_ok</name>
         <value>0x33a3c</value>
         <object_component_ref idref="oc-85"/>
      </symbol>
      <symbol id="sm-1ca">
         <name>__unlock</name>
         <value>0x5de0</value>
         <object_component_ref idref="oc-8a"/>
      </symbol>
      <symbol id="sm-1cb">
         <name>__lock</name>
         <value>0x5ddc</value>
         <object_component_ref idref="oc-8a"/>
      </symbol>
      <symbol id="sm-1cc">
         <name>__register_lock</name>
         <value>0x3461d</value>
         <object_component_ref idref="oc-89"/>
      </symbol>
      <symbol id="sm-1cd">
         <name>__nop</name>
         <value>0x34625</value>
         <object_component_ref idref="oc-89"/>
      </symbol>
      <symbol id="sm-1ce">
         <name>__register_unlock</name>
         <value>0x34615</value>
         <object_component_ref idref="oc-89"/>
      </symbol>
      <symbol id="sm-1e0">
         <name>__printfi</name>
         <value>0x31362</value>
         <object_component_ref idref="oc-8f"/>
      </symbol>
      <symbol id="sm-1ea">
         <name>__args_main</name>
         <value>0x34384</value>
         <object_component_ref idref="oc-95"/>
      </symbol>
      <symbol id="sm-1eb">
         <name>__TI_args_main</name>
         <value>0x1</value>
      </symbol>
      <symbol id="sm-1f3">
         <name>_auto_init</name>
         <value>0x34337</value>
         <object_component_ref idref="oc-99"/>
      </symbol>
      <symbol id="sm-1fd">
         <name>__eqld</name>
         <value>0x3350c</value>
         <object_component_ref idref="oc-9d"/>
      </symbol>
      <symbol id="sm-1fe">
         <name>__cmpd</name>
         <value>0x33540</value>
         <object_component_ref idref="oc-9d"/>
      </symbol>
      <symbol id="sm-1ff">
         <name>__neqd</name>
         <value>0x333ae</value>
         <object_component_ref idref="oc-9d"/>
      </symbol>
      <symbol id="sm-200">
         <name>__gtrd</name>
         <value>0x33477</value>
         <object_component_ref idref="oc-9d"/>
      </symbol>
      <symbol id="sm-201">
         <name>__geqd</name>
         <value>0x334c2</value>
         <object_component_ref idref="oc-9d"/>
      </symbol>
      <symbol id="sm-202">
         <name>__leqd</name>
         <value>0x3342a</value>
         <object_component_ref idref="oc-9d"/>
      </symbol>
      <symbol id="sm-203">
         <name>__lssd</name>
         <value>0x333e2</value>
         <object_component_ref idref="oc-9d"/>
      </symbol>
      <symbol id="sm-20d">
         <name>__tmpnams</name>
         <value>0x5a08</value>
         <object_component_ref idref="oc-a1"/>
      </symbol>
      <symbol id="sm-20e">
         <name>__ft_end</name>
         <value>0x5b48</value>
         <object_component_ref idref="oc-a1"/>
      </symbol>
      <symbol id="sm-20f">
         <name>__ftable</name>
         <value>0x5918</value>
         <object_component_ref idref="oc-a1"/>
      </symbol>
      <symbol id="sm-21b">
         <name>__divd</name>
         <value>0x324c4</value>
         <object_component_ref idref="oc-a5"/>
      </symbol>
      <symbol id="sm-226">
         <name>__divul</name>
         <value>0x33de9</value>
         <object_component_ref idref="oc-a9"/>
      </symbol>
      <symbol id="sm-230">
         <name>__fixdi</name>
         <value>0x3455d</value>
         <object_component_ref idref="oc-ad"/>
      </symbol>
      <symbol id="sm-23a">
         <name>__fixdli</name>
         <value>0x340dd</value>
         <object_component_ref idref="oc-b1"/>
      </symbol>
      <symbol id="sm-246">
         <name>__fltlid</name>
         <value>0x34224</value>
         <object_component_ref idref="oc-b5"/>
      </symbol>
      <symbol id="sm-250">
         <name>__frcmpyd_div</name>
         <value>0x33ff8</value>
         <object_component_ref idref="oc-ba"/>
      </symbol>
      <symbol id="sm-25a">
         <name>___isinf</name>
         <value>0x345d4</value>
         <object_component_ref idref="oc-be"/>
      </symbol>
      <symbol id="sm-264">
         <name>__divull</name>
         <value>0x32c44</value>
         <object_component_ref idref="oc-c2"/>
      </symbol>
      <symbol id="sm-265">
         <name>__mpylli</name>
         <value>0x32b8c</value>
         <object_component_ref idref="oc-c2"/>
      </symbol>
      <symbol id="sm-266">
         <name>__remlli</name>
         <value>0x32b5d</value>
         <object_component_ref idref="oc-c2"/>
      </symbol>
      <symbol id="sm-267">
         <name>__divlli</name>
         <value>0x32d38</value>
         <object_component_ref idref="oc-c2"/>
      </symbol>
      <symbol id="sm-268">
         <name>__remull</name>
         <value>0x32b0f</value>
         <object_component_ref idref="oc-c2"/>
      </symbol>
      <symbol id="sm-270">
         <name>__mpyli</name>
         <value>0x34602</value>
         <object_component_ref idref="oc-c6"/>
      </symbol>
      <symbol id="sm-271">
         <name>I$$LMPY</name>
         <value>0x34602</value>
         <object_component_ref idref="oc-c6"/>
      </symbol>
      <symbol id="sm-27b">
         <name>_ltoa</name>
         <value>0x33e8a</value>
         <object_component_ref idref="oc-ca"/>
      </symbol>
      <symbol id="sm-286">
         <name>_memccpy</name>
         <value>0x345b1</value>
         <object_component_ref idref="oc-ce"/>
      </symbol>
      <symbol id="sm-290">
         <name>__mpyd</name>
         <value>0x336fb</value>
         <object_component_ref idref="oc-d2"/>
      </symbol>
      <symbol id="sm-29a">
         <name>__negd</name>
         <value>0x34627</value>
         <object_component_ref idref="oc-d6"/>
      </symbol>
      <symbol id="sm-2a4">
         <name>__remli</name>
         <value>0x343cf</value>
         <object_component_ref idref="oc-da"/>
      </symbol>
      <symbol id="sm-2af">
         <name>__remul</name>
         <value>0x3406b</value>
         <object_component_ref idref="oc-de"/>
      </symbol>
      <symbol id="sm-2b9">
         <name>_setvbuf</name>
         <value>0x33956</value>
         <object_component_ref idref="oc-e2"/>
      </symbol>
      <symbol id="sm-2c3">
         <name>__subd</name>
         <value>0x345ee</value>
         <object_component_ref idref="oc-e6"/>
      </symbol>
      <symbol id="sm-2cd">
         <name>__addd</name>
         <value>0x32d6d</value>
         <object_component_ref idref="oc-ea"/>
      </symbol>
      <symbol id="sm-2d7">
         <name>__divli</name>
         <value>0x34464</value>
         <object_component_ref idref="oc-ee"/>
      </symbol>
      <symbol id="sm-2e1">
         <name>__frcmpyd</name>
         <value>0x33f82</value>
         <object_component_ref idref="oc-f2"/>
      </symbol>
   </symbol_table>
</link_info>
